2026.09.10 18:15:17 INFO  Started: Metals version 1.6.8 in folders 'D:\Users\HP\Desktop\backend' for client Visual Studio Code 1.137.0.
2026.09.10 18:15:17 INFO  Memory monitor started
2026.09.10 18:15:18 WARN  Using H2 2.4.240 which is newer than the version Flyway has been verified with. The latest verified version of H2 is 2.3.232.
2026.09.10 18:17:31 INFO  no build target found for D:\Users\HP\Desktop\backend\src\main\java\ma\entity\Incident.java. Using fallback presentation compiler.
2026.09.10 18:17:31 INFO  no build target found for D:\Users\HP\Desktop\backend\src\main\java\ma\listener\IncidentEntityListener.java. Using fallback presentation compiler.
2026.09.10 18:17:31 INFO  no build target found for D:\Users\HP\Desktop\backend\src\main\java\ma\service\ElasticsearchIndexServiceImpl.java. Using fallback presentation compiler.
2026.09.10 18:17:45 INFO  no build target found for D:\Users\HP\Desktop\backend\src\main\java\ma\controller\ReportController.java. Using fallback presentation compiler.
2026.09.10 18:36:46 INFO  no build target found for D:\Users\HP\Desktop\backend\src\main\java\ma\controller\ReportController.java. Using fallback presentation compiler.
2026.09.10 18:36:47 INFO  no build target found for D:\Users\HP\Desktop\backend\src\main\java\ma\listener\IncidentEntityListener.java. Using fallback presentation compiler.
2026.09.10 18:36:47 INFO  no build target found for D:\Users\HP\Desktop\backend\src\main\java\ma\listener\IncidentEntityListener.java. Using fallback presentation compiler.
2026.09.10 18:36:47 INFO  no build target found for D:\Users\HP\Desktop\backend\src\main\java\ma\listener\IncidentEntityListener.java. Using fallback presentation compiler.
2026.09.10 18:36:47 INFO  no build target found for D:\Users\HP\Desktop\backend\src\main\java\ma\service\ElasticsearchIndexServiceImpl.java. Using fallback presentation compiler.
2026.09.10 18:36:47 INFO  no build target found for D:\Users\HP\Desktop\backend\src\main\java\ma\service\ElasticsearchIndexServiceImpl.java. Using fallback presentation compiler.
2026.09.10 18:36:47 INFO  no build target found for D:\Users\HP\Desktop\backend\src\main\java\ma\controller\ReportController.java. Using fallback presentation compiler.
2026.09.10 18:36:47 INFO  Created report: Optional[file:///D:/Users/HP/Desktop/backend/src/main/java/ma/listener/IncidentEntityListener.java]
2026.09.10 18:36:47 INFO  Created report: Optional[file:///D:/Users/HP/Desktop/backend/src/main/java/ma/listener/IncidentEntityListener.java]
2026.09.10 18:36:47 INFO  Created report: Optional[file:///D:/Users/HP/Desktop/backend/src/main/java/ma/listener/IncidentEntityListener.java]
2026.09.10 18:36:47 INFO  empty definition using pc, found symbol in pc: _empty_/ElasticsearchIndexService#indexIncident# (full report at: "D:\Users\HP\Desktop\backend\.metals\.reports\metals-full\2026-09-10\r_empty-definition_18-36-47-962.md")
2026.09.10 18:36:47 INFO  empty definition using pc, found symbol in pc: _empty_/ElasticsearchIndexService#deleteFromIndex# (full report at: "D:\Users\HP\Desktop\backend\.metals\.reports\metals-full\2026-09-10\r_empty-definition_18-36-47-961.md")
2026.09.10 18:36:48 INFO  no build target found for D:\Users\HP\Desktop\backend\src\main\java\ma\listener\IncidentEntityListener.java. Using fallback presentation compiler.
2026.09.10 18:36:47 INFO  empty definition using pc, found symbol in pc: _empty_/ElasticsearchIndexService#updateIndex# (full report at: "D:\Users\HP\Desktop\backend\.metals\.reports\metals-full\2026-09-10\r_empty-definition_18-36-47-962.md")
2026.09.10 18:36:48 INFO  Created report: Optional[file:///D:/Users/HP/Desktop/backend/src/main/java/ma/controller/ReportController.java]
2026.09.10 18:36:48 INFO  empty definition using pc, found symbol in pc: _empty_/log# (full report at: "D:\Users\HP\Desktop\backend\.metals\.reports\metals-full\2026-09-10\r_empty-definition_18-36-48-059.md")
2026.09.10 18:36:48 INFO  Created report: Optional[file:///D:/Users/HP/Desktop/backend/src/main/java/ma/service/ElasticsearchIndexServiceImpl.java]
2026.09.10 18:36:48 INFO  no build target found for D:\Users\HP\Desktop\backend\src\main\java\ma\service\ElasticsearchIndexServiceImpl.java. Using fallback presentation compiler.
2026.09.10 18:36:48 INFO  empty definition using pc, found symbol in pc: _empty_/IncidentElasticsearchRepository#deleteById# (full report at: "D:\Users\HP\Desktop\backend\.metals\.reports\metals-full\2026-09-10\r_empty-definition_18-36-48-048.md")
2026.09.10 18:36:48 INFO  no build target found for D:\Users\HP\Desktop\backend\src\main\java\ma\service\ElasticsearchIndexServiceImpl.java. Using fallback presentation compiler.
2026.09.10 18:36:48 INFO  no build target found for D:\Users\HP\Desktop\backend\src\main\java\ma\controller\ReportController.java. Using fallback presentation compiler.
2026.09.10 18:36:47 INFO  Created report: Optional[file:///D:/Users/HP/Desktop/backend/src/main/java/ma/service/ElasticsearchIndexServiceImpl.java]
2026.09.10 18:36:47 INFO  empty definition using pc, found symbol in pc: _empty_/IncidentElasticsearchRepository#save# (full report at: "D:\Users\HP\Desktop\backend\.metals\.reports\metals-full\2026-09-10\r_empty-definition_18-36-48-085.md")
2026.09.10 18:36:48 INFO  no build target found for D:\Users\HP\Desktop\backend\src\main\java\ma\service\ElasticsearchIndexServiceImpl.java. Using fallback presentation compiler.
2026.09.10 18:36:48 INFO  no build target found for D:\Users\HP\Desktop\backend\src\main\java\ma\listener\IncidentEntityListener.java. Using fallback presentation compiler.
2026.09.10 18:36:48 INFO  Created report: Optional[file:///D:/Users/HP/Desktop/backend/src/main/java/ma/listener/IncidentEntityListener.java]
2026.09.10 18:36:48 INFO  empty definition using pc, found symbol in pc: _empty_/log# (full report at: "D:\Users\HP\Desktop\backend\.metals\.reports\metals-full\2026-09-10\r_empty-definition_18-36-48-878.md")
2026.09.10 18:36:48 INFO  no build target found for D:\Users\HP\Desktop\backend\src\main\java\ma\listener\IncidentEntityListener.java. Using fallback presentation compiler.
2026.09.10 18:36:48 INFO  no build target found for D:\Users\HP\Desktop\backend\src\main\java\ma\service\ElasticsearchIndexServiceImpl.java. Using fallback presentation compiler.
2026.09.10 18:36:48 INFO  Created report: Optional[file:///D:/Users/HP/Desktop/backend/src/main/java/ma/service/ElasticsearchIndexServiceImpl.java]
2026.09.10 18:36:48 INFO  empty definition using pc, found symbol in pc: _empty_/log# (full report at: "D:\Users\HP\Desktop\backend\.metals\.reports\metals-full\2026-09-10\r_empty-definition_18-36-49-170.md")
2026.09.10 18:36:49 INFO  no build target found for D:\Users\HP\Desktop\backend\src\main\java\ma\service\ElasticsearchIndexServiceImpl.java. Using fallback presentation compiler.
2026.09.10 18:41:48 INFO  no build target found for D:\Users\HP\Desktop\backend\src\main\java\ma\service\AuditLogServiceImpl.java. Using fallback presentation compiler.
2026.09.10 18:41:48 INFO  Created report: Optional[file:///D:/Users/HP/Desktop/backend/src/main/java/ma/service/AuditLogServiceImpl.java]
2026.09.10 18:41:48 INFO  empty definition using pc, found symbol in pc: ma/service/interfaces/AuditLogService# (full report at: "D:\Users\HP\Desktop\backend\.metals\.reports\metals-full\2026-09-10\r_empty-definition_18-41-48-846.md")
2026.09.10 18:41:48 INFO  no build target found for D:\Users\HP\Desktop\backend\src\main\java\ma\service\IncidentServiceImpl.java. Using fallback presentation compiler.
2026.09.10 18:41:49 INFO  no build target found for D:\Users\HP\Desktop\backend\src\main\java\ma\entity\AuditLog.java. Using fallback presentation compiler.
2026.09.10 18:41:48 INFO  Created report: Optional[file:///D:/Users/HP/Desktop/backend/src/main/java/ma/service/IncidentServiceImpl.java]
2026.09.10 18:41:48 INFO  empty definition using pc, found symbol in pc: ma/service/interfaces/AuditLogService# (full report at: "D:\Users\HP\Desktop\backend\.metals\.reports\metals-full\2026-09-10\r_empty-definition_18-41-49-644.md")
2026.09.10 18:41:49 INFO  no build target found for D:\Users\HP\Desktop\backend\src\main\java\ma\entity\AuditLog.java. Using fallback presentation compiler.
2026.09.10 18:41:50 INFO  no build target found for D:\Users\HP\Desktop\backend\src\main\java\ma\service\interfaces\AuditLogService.java. Using fallback presentation compiler.
2026.09.10 18:41:49 INFO  no build target found for D:\Users\HP\Desktop\backend\src\main\java\ma\entity\AuditLog.java. Using fallback presentation compiler.
2026.09.10 18:41:50 INFO  no build target found for D:\Users\HP\Desktop\backend\src\main\java\ma\entity\AuditLog.java. Using fallback presentation compiler.
2026.09.10 18:41:51 INFO  no build target found for D:\Users\HP\Desktop\backend\src\main\java\ma\entity\AuditLog.java. Using fallback presentation compiler.
2026.09.10 18:41:50 INFO  no build target found for D:\Users\HP\Desktop\backend\src\main\java\ma\entity\AuditLog.java. Using fallback presentation compiler.
2026.09.10 18:41:51 INFO  no build target found for D:\Users\HP\Desktop\backend\src\main\java\ma\entity\AuditLog.java. Using fallback presentation compiler.
2026.09.10 18:41:51 INFO  no build target found for D:\Users\HP\Desktop\backend\src\main\java\ma\entity\AuditLog.java. Using fallback presentation compiler.
2026.09.10 18:41:51 INFO  no build target found for D:\Users\HP\Desktop\backend\src\main\java\ma\entity\AuditLog.java. Using fallback presentation compiler.
2026.09.10 18:41:51 INFO  no build target found for D:\Users\HP\Desktop\backend\src\main\java\ma\entity\AuditLog.java. Using fallback presentation compiler.
2026.09.10 18:41:51 INFO  no build target found for D:\Users\HP\Desktop\backend\src\main\java\ma\entity\AuditLog.java. Using fallback presentation compiler.
2026.09.10 18:41:52 INFO  no build target found for D:\Users\HP\Desktop\backend\src\main\java\ma\entity\AuditLog.java. Using fallback presentation compiler.
2026.09.10 18:41:52 INFO  no build target found for D:\Users\HP\Desktop\backend\src\main\java\ma\entity\AuditLog.java. Using fallback presentation compiler.
2026.09.10 18:41:53 INFO  no build target found for D:\Users\HP\Desktop\backend\src\main\java\ma\entity\AuditLog.java. Using fallback presentation compiler.
2026.09.10 18:41:53 INFO  no build target found for D:\Users\HP\Desktop\backend\src\main\java\ma\entity\AuditLog.java. Using fallback presentation compiler.
2026.09.10 18:41:52 INFO  no build target found for D:\Users\HP\Desktop\backend\src\main\java\ma\entity\AuditLog.java. Using fallback presentation compiler.
2026.09.10 18:41:53 INFO  no build target found for D:\Users\HP\Desktop\backend\src\main\java\ma\entity\AuditLog.java. Using fallback presentation compiler.
2026.09.10 18:41:53 INFO  no build target found for D:\Users\HP\Desktop\backend\src\main\java\ma\service\interfaces\AuditLogService.java. Using fallback presentation compiler.
2026.09.10 18:41:53 INFO  no build target found for D:\Users\HP\Desktop\backend\src\main\java\ma\entity\AuditLog.java. Using fallback presentation compiler.
2026.09.10 18:41:53 INFO  no build target found for D:\Users\HP\Desktop\backend\src\main\java\ma\entity\AuditLog.java. Using fallback presentation compiler.
2026.09.10 18:41:53 INFO  no build target found for D:\Users\HP\Desktop\backend\src\main\java\ma\entity\AuditLog.java. Using fallback presentation compiler.
2026.09.10 18:41:54 INFO  no build target found for D:\Users\HP\Desktop\backend\src\main\java\ma\entity\AuditLog.java. Using fallback presentation compiler.
2026.09.10 18:42:02 INFO  no build target found for D:\Users\HP\Desktop\backend\src\main\java\ma\entity\AuditLog.java. Using fallback presentation compiler.
2026.09.10 18:42:02 WARN  no build target for: D:\Users\HP\Desktop\backend\src\main\java\ma\entity\AuditLog.java
sept. 10, 2026 6:42:02 PM org.eclipse.lsp4j.jsonrpc.RemoteEndpoint handleCancellation
WARNING: Unmatched cancel notification for request id 31
2026.09.10 18:42:02 INFO  no build target found for D:\Users\HP\Desktop\backend\src\main\java\ma\entity\AuditLog.java. Using fallback presentation compiler.
2026.09.10 18:42:02 INFO  no build target found for D:\Users\HP\Desktop\backend\src\main\java\ma\entity\AuditLog.java. Using fallback presentation compiler.
2026.09.10 18:44:34 INFO  no build target found for D:\Users\HP\Desktop\backend\src\main\java\ma\service\AuditLogServiceImpl.java. Using fallback presentation compiler.
2026.09.10 18:44:34 INFO  no build target found for D:\Users\HP\Desktop\backend\src\main\java\ma\service\IncidentServiceImpl.java. Using fallback presentation compiler.
2026.09.10 18:44:42 INFO  no build target found for D:\Users\HP\Desktop\backend\src\main\java\ma\config\SecurityConfig.java. Using fallback presentation compiler.
2026.09.10 18:44:42 INFO  no build target found for D:\Users\HP\Desktop\backend\src\main\java\ma\entity\User.java. Using fallback presentation compiler.
2026.09.10 20:23:43 INFO  no build target found for D:\Users\HP\Desktop\backend\src\main\java\ma\config\SecurityConfig.java. Using fallback presentation compiler.
2026.09.10 20:23:44 INFO  no build target found for D:\Users\HP\Desktop\backend\src\main\java\ma\service\AuthServiceImpl.java. Using fallback presentation compiler.
2026.09.10 20:23:43 INFO  Created report: Optional[file:///D:/Users/HP/Desktop/backend/src/main/java/ma/config/SecurityConfig.java]
2026.09.10 20:23:43 INFO  empty definition using pc, found symbol in pc: org/springframework/security/authentication/AuthenticationManager# (full report at: "D:\Users\HP\Desktop\backend\.metals\.reports\metals-full\2026-09-10\r_empty-definition_20-23-44-254.md")
2026.09.10 20:23:44 INFO  no build target found for D:\Users\HP\Desktop\backend\src\main\java\ma\config\JwtAuthenticationFilter.java. Using fallback presentation compiler.
2026.09.10 20:23:45 INFO  no build target found for D:\Users\HP\Desktop\backend\src\main\java\ma\util\JwtUtil.java. Using fallback presentation compiler.
2026.09.10 20:23:45 INFO  no build target found for D:\Users\HP\Desktop\backend\src\main\java\ma\util\JwtUtil.java. Using fallback presentation compiler.
2026.09.10 20:23:45 INFO  no build target found for D:\Users\HP\Desktop\backend\src\main\java\ma\util\JwtUtil.java. Using fallback presentation compiler.
2026.09.10 20:23:46 INFO  no build target found for D:\Users\HP\Desktop\backend\src\main\java\ma\util\JwtUtil.java. Using fallback presentation compiler.
2026.09.10 20:23:46 INFO  Created report: Optional[file:///D:/Users/HP/Desktop/backend/src/main/java/ma/config/JwtAuthenticationFilter.java]
2026.09.10 20:23:46 INFO  empty definition using pc, found symbol in pc: ma/util/JwtUtil# (full report at: "D:\Users\HP\Desktop\backend\.metals\.reports\metals-full\2026-09-10\r_empty-definition_20-23-46-098.md")
2026.09.10 20:23:46 INFO  no build target found for D:\Users\HP\Desktop\backend\src\main\java\ma\service\AuthServiceImpl.java. Using fallback presentation compiler.
2026.09.10 20:23:46 INFO  no build target found for D:\Users\HP\Desktop\backend\src\main\java\ma\util\JwtUtil.java. Using fallback presentation compiler.
2026.09.10 20:23:46 INFO  no build target found for D:\Users\HP\Desktop\backend\src\main\java\ma\util\JwtUtil.java. Using fallback presentation compiler.
2026.09.10 20:23:46 INFO  no build target found for D:\Users\HP\Desktop\backend\src\main\java\ma\util\JwtUtil.java. Using fallback presentation compiler.
2026.09.10 20:23:46 INFO  no build target found for D:\Users\HP\Desktop\backend\src\main\java\ma\service\AuthServiceImpl.java. Using fallback presentation compiler.
2026.09.10 20:23:45 INFO  Created report: Optional[file:///D:/Users/HP/Desktop/backend/src/main/java/ma/util/JwtUtil.java]
2026.09.10 20:23:45 INFO  empty definition using pc, found symbol in pc: io/jsonwebtoken/Claims# (full report at: "D:\Users\HP\Desktop\backend\.metals\.reports\metals-full\2026-09-10\r_empty-definition_20-23-46-703.md")
2026.09.10 20:23:45 INFO  Created report: Optional[file:///D:/Users/HP/Desktop/backend/src/main/java/ma/util/JwtUtil.java]
2026.09.10 20:23:45 INFO  empty definition using pc, found symbol in pc: _empty_/`<any>`#issuedAt# (full report at: "D:\Users\HP\Desktop\backend\.metals\.reports\metals-full\2026-09-10\r_empty-definition_20-23-46-755.md")
2026.09.10 20:23:45 INFO  Created report: Optional[file:///D:/Users/HP/Desktop/backend/src/main/java/ma/util/JwtUtil.java]
2026.09.10 20:23:45 INFO  empty definition using pc, found symbol in pc: _empty_/Jwts#builder#claims#subject# (full report at: "D:\Users\HP\Desktop\backend\.metals\.reports\metals-full\2026-09-10\r_empty-definition_20-23-46-750.md")
2026.09.10 20:23:46 INFO  empty definition using pc, found symbol in pc: _empty_/Jwts#builder#claims#subject# (full report at: "D:\Users\HP\Desktop\backend\.metals\.reports\metals-full\2026-09-10\r_empty-definition_20-23-46-750.md")
2026.09.10 20:23:46 INFO  Created report: Optional[file:///D:/Users/HP/Desktop/backend/src/main/java/ma/service/AuthServiceImpl.java]
2026.09.10 20:23:46 INFO  empty definition using pc, found symbol in pc: ma/util/JwtUtil# (full report at: "D:\Users\HP\Desktop\backend\.metals\.reports\metals-full\2026-09-10\r_empty-definition_20-23-47-010.md")
2026.09.10 20:23:46 INFO  no build target found for D:\Users\HP\Desktop\backend\src\main\java\ma\util\JwtUtil.java. Using fallback presentation compiler.
2026.09.10 20:23:47 INFO  Created report: Optional[file:///D:/Users/HP/Desktop/backend/src/main/java/ma/util/JwtUtil.java]
2026.09.10 20:23:47 INFO  empty definition using pc, found symbol in pc: _empty_/SignatureAlgorithm#HS256# (full report at: "D:\Users\HP\Desktop\backend\.metals\.reports\metals-full\2026-09-10\r_empty-definition_20-23-47-429.md")
2026.09.10 20:23:47 INFO  Created report: Optional[file:///D:/Users/HP/Desktop/backend/src/main/java/ma/service/AuthServiceImpl.java]
2026.09.10 20:23:47 INFO  empty definition using pc, found symbol in pc: org/springframework/security/authentication/AuthenticationManager# (full report at: "D:\Users\HP\Desktop\backend\.metals\.reports\metals-full\2026-09-10\r_empty-definition_20-23-47-609.md")
2026.09.10 20:23:47 INFO  no build target found for D:\Users\HP\Desktop\backend\src\main\java\ma\config\JwtAuthenticationFilter.java. Using fallback presentation compiler.
2026.09.10 20:23:47 INFO  Created report: Optional[file:///D:/Users/HP/Desktop/backend/src/main/java/ma/config/JwtAuthenticationFilter.java]
2026.09.10 20:23:47 INFO  empty definition using pc, found symbol in pc: org/springframework/security/core/userdetails/UserDetailsService# (full report at: "D:\Users\HP\Desktop\backend\.metals\.reports\metals-full\2026-09-10\r_empty-definition_20-23-48-002.md")
2026.09.10 20:23:48 INFO  no build target found for D:\Users\HP\Desktop\backend\src\main\java\ma\config\SecurityConfig.java. Using fallback presentation compiler.
2026.09.10 20:23:48 INFO  Created report: Optional[file:///D:/Users/HP/Desktop/backend/src/main/java/ma/config/SecurityConfig.java]
2026.09.10 20:23:48 INFO  empty definition using pc, found symbol in pc: org/springframework/security/core/userdetails/UserDetailsService# (full report at: "D:\Users\HP\Desktop\backend\.metals\.reports\metals-full\2026-09-10\r_empty-definition_20-23-48-603.md")
2026.09.10 20:23:48 INFO  no build target found for D:\Users\HP\Desktop\backend\src\main\java\ma\service\AuthServiceImpl.java. Using fallback presentation compiler.
2026.09.10 20:23:48 INFO  Created report: Optional[file:///D:/Users/HP/Desktop/backend/src/main/java/ma/service/AuthServiceImpl.java]
2026.09.10 20:23:48 INFO  empty definition using pc, found symbol in pc: org/springframework/security/core/userdetails/UserDetailsService# (full report at: "D:\Users\HP\Desktop\backend\.metals\.reports\metals-full\2026-09-10\r_empty-definition_20-23-48-990.md")
2026.09.10 20:23:51 INFO  no build target found for D:\Users\HP\Desktop\backend\src\main\java\ma\config\JwtAuthenticationFilter.java. Using fallback presentation compiler.
2026.09.10 20:23:51 INFO  no build target found for D:\Users\HP\Desktop\backend\src\main\java\ma\config\JwtAuthenticationFilter.java. Using fallback presentation compiler.
2026.09.10 20:23:51 INFO  no build target found for D:\Users\HP\Desktop\backend\src\main\java\ma\config\SecurityConfig.java. Using fallback presentation compiler.
2026.09.10 20:23:51 INFO  no build target found for D:\Users\HP\Desktop\backend\src\main\java\ma\config\JwtAuthenticationFilter.java. Using fallback presentation compiler.
2026.09.10 20:23:51 INFO  no build target found for D:\Users\HP\Desktop\backend\src\main\java\ma\util\JwtUtil.java. Using fallback presentation compiler.
2026.09.10 20:23:51 INFO  no build target found for D:\Users\HP\Desktop\backend\src\main\java\ma\config\JwtAuthenticationFilter.java. Using fallback presentation compiler.
2026.09.10 20:23:51 INFO  no build target found for D:\Users\HP\Desktop\backend\src\main\java\ma\util\JwtUtil.java. Using fallback presentation compiler.
2026.09.10 20:23:51 INFO  Created report: Optional[file:///D:/Users/HP/Desktop/backend/src/main/java/ma/config/JwtAuthenticationFilter.java]
2026.09.10 20:23:51 INFO  empty definition using pc, found symbol in pc: org/springframework/security/authentication/UsernamePasswordAuthenticationToken# (full report at: "D:\Users\HP\Desktop\backend\.metals\.reports\metals-full\2026-09-10\r_empty-definition_20-23-51-328.md")
2026.09.10 20:23:51 INFO  Created report: Optional[file:///D:/Users/HP/Desktop/backend/src/main/java/ma/config/JwtAuthenticationFilter.java]
2026.09.10 20:23:51 INFO  empty definition using pc, found symbol in pc: org/springframework/security/core/context/SecurityContextHolder# (full report at: "D:\Users\HP\Desktop\backend\.metals\.reports\metals-full\2026-09-10\r_empty-definition_20-23-51-491.md")
2026.09.10 20:23:51 INFO  no build target found for D:\Users\HP\Desktop\backend\src\main\java\ma\config\JwtAuthenticationFilter.java. Using fallback presentation compiler.
2026.09.10 20:23:51 INFO  no build target found for D:\Users\HP\Desktop\backend\src\main\java\ma\service\AuthServiceImpl.java. Using fallback presentation compiler.
2026.09.10 20:23:51 INFO  Created report: Optional[file:///D:/Users/HP/Desktop/backend/src/main/java/ma/config/SecurityConfig.java]
2026.09.10 20:23:51 INFO  empty definition using pc, found symbol in pc: org/springframework/security/web/SecurityFilterChain# (full report at: "D:\Users\HP\Desktop\backend\.metals\.reports\metals-full\2026-09-10\r_empty-definition_20-23-51-654.md")
2026.09.10 20:23:52 INFO  no build target found for D:\Users\HP\Desktop\backend\src\main\java\ma\service\AuditLogServiceImpl.java. Using fallback presentation compiler.
2026.09.10 20:23:51 INFO  Created report: Optional[file:///D:/Users/HP/Desktop/backend/src/main/java/ma/config/JwtAuthenticationFilter.java]
2026.09.10 20:23:51 INFO  empty definition using pc, found symbol in pc: _empty_/JwtUtil#isTokenValid# (full report at: "D:\Users\HP\Desktop\backend\.metals\.reports\metals-full\2026-09-10\r_empty-definition_20-23-52-372.md")
2026.09.10 20:23:52 INFO  Created report: Optional[file:///D:/Users/HP/Desktop/backend/src/main/java/ma/service/AuthServiceImpl.java]
2026.09.10 20:23:52 INFO  empty definition using pc, found symbol in pc: org/springframework/security/authentication/UsernamePasswordAuthenticationToken# (full report at: "D:\Users\HP\Desktop\backend\.metals\.reports\metals-full\2026-09-10\r_empty-definition_20-23-52-373.md")
2026.09.10 20:23:52 INFO  Created report: Optional[file:///D:/Users/HP/Desktop/backend/src/main/java/ma/service/AuditLogServiceImpl.java]
2026.09.10 20:23:52 INFO  empty definition using pc, found symbol in pc: org/springframework/security/core/context/SecurityContextHolder# (full report at: "D:\Users\HP\Desktop\backend\.metals\.reports\metals-full\2026-09-10\r_empty-definition_20-23-52-657.md")
2026.09.10 20:23:52 INFO  no build target found for D:\Users\HP\Desktop\backend\src\main\java\ma\service\AuthServiceImpl.java. Using fallback presentation compiler.
2026.09.10 20:23:52 INFO  no build target found for D:\Users\HP\Desktop\backend\src\main\java\ma\service\AuditLogServiceImpl.java. Using fallback presentation compiler.
2026.09.10 20:23:52 INFO  Created report: Optional[file:///D:/Users/HP/Desktop/backend/src/main/java/ma/service/AuthServiceImpl.java]
2026.09.10 20:23:52 INFO  empty definition using pc, found symbol in pc: _empty_/JwtUtil#isTokenValid# (full report at: "D:\Users\HP\Desktop\backend\.metals\.reports\metals-full\2026-09-10\r_empty-definition_20-23-52-987.md")
2026.09.10 20:23:52 INFO  no build target found for D:\Users\HP\Desktop\backend\src\main\java\ma\util\JwtUtil.java. Using fallback presentation compiler.
2026.09.10 20:26:33 INFO  no build target found for D:\Users\HP\Desktop\backend\src\main\java\ma\config\JwtAuthenticationFilter.java. Using fallback presentation compiler.
2026.09.10 20:26:33 INFO  no build target found for D:\Users\HP\Desktop\backend\src\main\java\ma\config\SecurityConfig.java. Using fallback presentation compiler.
2026.09.10 20:26:36 INFO  no build target found for D:\Users\HP\Desktop\backend\src\main\java\ma\service\AuthServiceImpl.java. Using fallback presentation compiler.
2026.09.10 20:26:39 INFO  no build target found for D:\Users\HP\Desktop\backend\src\main\java\ma\util\JwtUtil.java. Using fallback presentation compiler.
2026.09.11 20:41:01 INFO  Shutting down server
2026.09.11 20:41:01 INFO  Memory monitor stopped
2026.09.11 20:41:01 INFO  shutting down Metals
2026.09.11 20:41:01 INFO  Exiting server
2026.09.15 16:40:00 INFO  Started: Metals version 1.6.8 in folders 'D:\Users\HP\Desktop\backend' for client Visual Studio Code 1.137.0.
2026.09.15 16:40:03 INFO  Memory monitor started
2026.09.15 16:40:05 WARN  Using H2 2.4.240 which is newer than the version Flyway has been verified with. The latest verified version of H2 is 2.3.232.
2026.09.15 16:40:05 INFO  no build target found for D:\Users\HP\Desktop\backend\src\main\java\ma\entity\AuditLog.java. Using fallback presentation compiler.
2026.09.15 16:40:07 INFO  no build target found for D:\Users\HP\Desktop\backend\src\main\java\ma\entity\AuditLog.java. Using fallback presentation compiler.
2026.09.15 17:31:49 INFO  no build target found for D:\Users\HP\Desktop\backend\src\main\java\ma\entity\AuditLog.java. Using fallback presentation compiler.
2026.09.15 17:31:53 INFO  Shutting down server
2026.09.15 17:31:53 INFO  Memory monitor stopped
2026.09.15 17:31:53 INFO  shutting down Metals
2026.09.15 17:31:53 INFO  Exiting server
2026.09.15 17:31:53 ERROR Unexpected error initializing server: 
org.eclipse.lsp4j.jsonrpc.ResponseErrorException: Request window/showMessageRequest failed with message: Canceled
	at org.eclipse.lsp4j.jsonrpc.RemoteEndpoint.handleResponse(RemoteEndpoint.java:214)
	at org.eclipse.lsp4j.jsonrpc.RemoteEndpoint.consume(RemoteEndpoint.java:198)
	at org.eclipse.lsp4j.jsonrpc.json.StreamMessageProducer.handleMessage(StreamMessageProducer.java:189)
	at org.eclipse.lsp4j.jsonrpc.json.StreamMessageProducer.listen(StreamMessageProducer.java:97)
	at org.eclipse.lsp4j.jsonrpc.json.ConcurrentMessageProcessor.run(ConcurrentMessageProcessor.java:97)
	at java.util.concurrent.Executors$RunnableAdapter.call(Executors.java:539)
	at java.util.concurrent.FutureTask.run(FutureTask.java:264)
	at java.util.concurrent.ThreadPoolExecutor.runWorker(ThreadPoolExecutor.java:1136)
	at java.util.concurrent.ThreadPoolExecutor$Worker.run(ThreadPoolExecutor.java:635)
	at java.lang.Thread.run(Thread.java:842)

2026.09.20 11:15:29 INFO  Started: Metals version 1.6.9 in folders 'D:\Users\HP\Desktop\backend' for client Visual Studio Code 1.137.0.
2026.09.20 11:15:29 INFO  Memory monitor started
2026.09.20 11:15:31 WARN  Using H2 2.5.250 which is newer than the version Flyway has been verified with. The latest verified version of H2 is 2.3.232.
2026.09.20 11:15:31 INFO  no build target found for D:\Users\HP\Desktop\backend\src\main\java\ma\entity\AuditLog.java. Using fallback presentation compiler.
sept. 20, 2026 11:15:32 AM org.eclipse.lsp4j.jsonrpc.RemoteEndpoint handleCancellation
WARNING: Unmatched cancel notification for request id 2
sept. 20, 2026 11:15:32 AM org.eclipse.lsp4j.jsonrpc.RemoteEndpoint handleCancellation
WARNING: Unmatched cancel notification for request id 5
sept. 20, 2026 11:15:32 AM org.eclipse.lsp4j.jsonrpc.RemoteEndpoint handleCancellation
WARNING: Unmatched cancel notification for request id 1
2026.09.20 11:15:32 INFO  no build target found for D:\Users\HP\Desktop\backend\src\main\java\ma\entity\AuditLog.java. Using fallback presentation compiler.
2026.09.20 11:17:51 WARN  no build target for: D:\Users\HP\Desktop\backend\src\main\java\ma\entity\AuditLog.java
2026.09.20 11:17:52 INFO  time: code lens generation in 1.82s
2026.09.20 11:17:56 INFO  no build target found for D:\Users\HP\Desktop\backend\src\main\java\ma\entity\AuditLog.java. Using fallback presentation compiler.
2026.09.20 11:17:56 WARN  no build target for: D:\Users\HP\Desktop\backend\src\main\java\ma\entity\AuditLog.java
2026.09.20 11:17:56 INFO  no build target found for D:\Users\HP\Desktop\backend\src\main\java\ma\entity\AuditLog.java. Using fallback presentation compiler.
sept. 20, 2026 11:17:56 AM org.eclipse.lsp4j.jsonrpc.RemoteEndpoint handleCancellation
WARNING: Unmatched cancel notification for request id 8
2026.09.20 11:17:56 INFO  no build target found for D:\Users\HP\Desktop\backend\src\main\java\ma\entity\AuditLog.java. Using fallback presentation compiler.
2026.09.20 11:17:56 INFO  no build target found for D:\Users\HP\Desktop\backend\src\main\java\ma\entity\AuditLog.java. Using fallback presentation compiler.
2026.09.20 11:17:57 INFO  no build target found for D:\Users\HP\Desktop\backend\src\main\java\ma\entity\AuditLog.java. Using fallback presentation compiler.
2026.09.20 11:17:59 INFO  no build target found for D:\Users\HP\Desktop\backend\src\main\java\ma\entity\AuditLog.java. Using fallback presentation compiler.
sept. 20, 2026 11:18:05 AM org.eclipse.lsp4j.jsonrpc.services.GenericEndpoint notify
INFO: Unsupported notification method: $/setTrace
2026.09.20 11:18:05 INFO  no build target found for D:\Users\HP\Desktop\backend\src\main\java\ma\entity\AuditLog.java. Using fallback presentation compiler.
2026.09.20 11:18:05 INFO  no build target found for D:\Users\HP\Desktop\backend\src\main\java\ma\entity\AuditLog.java. Using fallback presentation compiler.
sept. 20, 2026 11:18:09 AM org.eclipse.lsp4j.jsonrpc.services.GenericEndpoint notify
INFO: Unsupported notification method: $/setTrace
2026.09.20 11:18:09 INFO  no build target found for D:\Users\HP\Desktop\backend\src\main\java\ma\entity\AuditLog.java. Using fallback presentation compiler.
2026.09.20 11:18:36 INFO  Shutting down server
2026.09.20 11:18:36 INFO  Memory monitor stopped
2026.09.20 11:18:36 INFO  shutting down Metals
2026.09.20 11:18:36 INFO  Exiting server
